exports[`test List has 2 items 1`] = `
<ul
  className="todolist">
  <li
    className="form-check todoitem undone">
    <label
      className="form-check-label">
      <input
        className="form-check-input"
        onChange={[Function]}
        type="checkbox" />
       
      Item 1
    </label>
    <button
      className="btn btn-danger btn-sm"
      onClick={[Function]}
      type="button">
      x
    </button>
  </li>
  <li
    className="form-check todoitem done">
    <label
      className="form-check-label">
      <input
        className="form-check-input"
        onChange={[Function]}
        type="checkbox" />
       
      Item 2
    </label>
    <button
      className="btn btn-danger btn-sm"
      onClick={[Function]}
      type="button">
      x
    </button>
  </li>
</ul>
`;
