exports[`TodoItem should have 1 incomplete and 1 complete items 1`] = `
<div>
  <li
    className="form-check todo-item open">
    <label
      className="form-check-label">
      <input
        checked={false}
        className="form-check-input"
        onChange={undefined}
        type="checkbox" />
       
      Not completed
    </label>
    <button
      className="btn btn-danger btn-sm"
      onClick={undefined}
      type="button">
      x
    </button>
  </li>
  <li
    className="form-check todo-item done">
    <label
      className="form-check-label">
      <input
        checked={true}
        className="form-check-input"
        onChange={undefined}
        type="checkbox" />
       
      Completed
    </label>
    <button
      className="btn btn-danger btn-sm"
      onClick={undefined}
      type="button">
      x
    </button>
  </li>
</div>
`;
